// Jest Snapshot v1, https://goo.gl/fbAQLP

exports[`client getOpenAiPrompt returnsmapped prompt 1`] = `
{
  "frequency_penalty": 0,
  "max_tokens": null,
  "messages": [
    {
      "content": "Hello, world!",
      "name": undefined,
      "role": "user",
    },
    {
      "content": "Hi there!",
      "name": undefined,
      "role": "assistant",
      "tool_calls": undefined,
    },
  ],
  "model": "gpt-3.5-turbo",
  "presence_penalty": 0,
  "response_format": {
    "type": "text",
  },
  "seed": null,
  "temperature": 0.7,
  "tool_choice": "auto",
  "tools": [],
  "top_p": 1,
}
`;

exports[`client getOpenAiPrompt should throw error if missing variables 1`] = `"Missing variables in prompt: name"`;

exports[`client getPrompt should throw error if missing variables 1`] = `"Missing variables in prompt: name"`;
