// Jest Snapshot v1, https://goo.gl/fbAQLP

exports[`getPrompt hello world test 1`] = `Promise {}`;
